KEYCODES:
 =VOID
F=FIRE
W=WATER
M=METAL
S=EARTH
G=EARTH
T=TREE
L=TREE

SPRITES:
S=./MAP/SPRITES/stone1.png
G=./MAP/SPRITES/ground1.png
T=./MAP/SPRITES/wood1.png
L=./MAP/SPRITES/leaves1.png
 =./MAP/SPRITES/void.png

MAP:
width=30
height=10
content=[S][S][S][S][S][S][S][S][S][S][S][S][S][S][S][S][S][S][S][S][S][S][S][S][S][S][S][S][S][S]\
[S][ ][ ][ ][ ][ ][ ][ ][ ][ ][ ][ ][ ][ ][ ][ ][L][ ][ ][ ][ ][ ][ ][ ][ ][ ][ ][ ][ ][S]\
[S][ ][ ][S][S][S][ ][ ][ ][ ][ ][ ][ ][ ][ ][L][L][L][ ][ ][ ][ ][ ][ ][ ][ ][ ][ ][ ][S]\
[S][ ][ ][ ][S][S][ ][ ][ ][ ][ ][ ][ ][ ][ ][L][L][L][ ][ ][ ][ ][ ][ ][ ][ ][ ][ ][ ][S]\
[S][ ][ ][ ][ ][S][S][ ][ ][S][S][S][S][ ][ ][L][L][L][ ][ ][ ][ ][ ][ ][ ][ ][ ][ ][ ][S]\
[S][ ][ ][ ][ ][ ][S][ ][ ][S][S][S][S][ ][ ][ ][T][ ][ ][ ][ ][ ][ ][ ][ ][ ][ ][ ][ ][S]\
[S][ ][ ][ ][ ][ ][S][ ][ ][S][ ][ ][ ][ ][ ][ ][ ][ ][ ][ ][ ][ ][ ][ ][ ][ ][ ][ ][ ][S]\
[S][ ][ ][ ][ ][ ][S][S][S][S][ ][ ][ ][ ][ ][ ][T][ ][ ][ ][ ][ ][ ][ ][ ][ ][ ][ ][ ][S]\
[S][ ][ ][ ][ ][ ][ ][ ][ ][ ][ ][ ][ ][ ][ ][ ][T][ ][ ][ ][ ][ ][ ][ ][ ][ ][ ][ ][ ][S]\
[G][G][G][G][G][G][G][G][G][G][G][G][G][G][G][G][G][G][G][G][G][G][G][G][G][G][G][G][G][G]
